1^prop^4^12310077^4^12^1472454973^1521771^52959^999^sub^fundBuy^ZQ^moneycoin^0^^77.119.131.161^46^237^3047^0^Europe/London
1^prop^4^12310077^3^12^1472455173^1529524^55608^999^sub^fundBuy^ZQ^moneycoin^0^^93.218.152.63^42^36^33266^0^Europe/London
1^prop^4^12310078^4^12^1472455235^532658^55258^999^sub^fundBuy^ZQ^moneycoin^0^^201.11.210.101^43^282^46278^0^America/New_York
1^prop^4^12310077^4^12^1472457508^1473843^41871^999^sub^fundBuy^ZQ^moneycoin^0^^217.162.33.108^41^925^78740^0^Europe/London
1^prop^4^12310077^4^12^1472459390^654027^41885^999^sub^fundBuy^ZQ^moneycoin^0^^80.153.227.208^46^1797^160989^0^Europe/London
1^prop^4^12310077^4^12^1472459391^654027^41885^999^sub^fundBuy^ZQ^moneycoin^0^^80.153.227.208^46^798^160989^0^Europe/London
1^prop^4^12310077^4^12^1472460699^1194964^41884^999^sub^fundBuy^ZQ^moneycoin^0^^90.126.140.198^45^1333^171060^0^Europe/London
1^prop^4^12310078^3^12^1472461360^1529226^54733^999^sub^fundBuy^ZQ^moneycoin^0^^144.139.129.208^41^2091^199797^0^America/New_York
1^prop^4^12310078^3^12^1472461363^1529226^54733^999^sub^fundBuy^ZQ^moneycoin^0^^144.139.129.208^41^1092^199797^0^America/New_York